#-----------------------------------------------------------
# Vivado v2023.2 (64-bit)
# SW Build 4029153 on Fri Oct 13 20:14:34 MDT 2023
# IP Build 4028589 on Sat Oct 14 00:45:43 MDT 2023
# SharedData Build 4025554 on Tue Oct 10 17:18:54 MDT 2023
# Start of session at: Wed Jul 24 09:43:13 2024
# Process ID: 29820
# Current directory: E:/Expertise/Computer Organization Course Design/project_int_pipeline/project_1/project_1.runs/ROM_D_synth_1
# Command line: vivado.exe -log ROM_D.vds -product Vivado -mode batch -messageDb vivado.pb -notrace -source ROM_D.tcl
# Log file: E:/Expertise/Computer Organization Course Design/project_int_pipeline/project_1/project_1.runs/ROM_D_synth_1/ROM_D.vds
# Journal file: E:/Expertise/Computer Organization Course Design/project_int_pipeline/project_1/project_1.runs/ROM_D_synth_1\vivado.jou
# Running On: Owen, OS: Windows, CPU Frequency: 3194 MHz, CPU Physical cores: 16, Host memory: 17024 MB
#-----------------------------------------------------------
source ROM_D.tcl -notrace
